// Jest Snapshot v1, https://goo.gl/fbAQLP

exports[`<AdminMenu/> renders correctly 1`] = `
<View
  style={
    Object {
      "flex": 1,
    }
  }
>
  <ViewManagerAdapter_ExpoLinearGradient
    proxiedProperties={
      Object {
        "colors": Array [
          4280583256,
          4281647232,
        ],
        "endPoint": undefined,
        "locations": undefined,
        "startPoint": undefined,
      }
    }
    style={
      Object {
        "flex": 1,
      }
    }
  >
    <RCTScrollView
      style={
        Object {
          "marginHorizontal": 15,
          "paddingTop": 15,
        }
      }
    >
      <View>
        <View
          style={
            Array [
              Object {
                "borderColor": "#D9D9D9",
                "borderRadius": 11,
                "borderWidth": 1,
                "margin": 1,
                "marginBottom": 15,
                "shadowColor": "#000000",
                "shadowOffset": Object {
                  "height": 4,
                  "width": 0,
                },
                "shadowOpacity": 0.25,
                "shadowRadius": 4,
              },
              undefined,
            ]
          }
        >
          <RNGestureHandlerButton
            collapsable={false}
            onGestureEvent={[Function]}
            onGestureHandlerEvent={[Function]}
            onGestureHandlerStateChange={[Function]}
            onHandlerStateChange={[Function]}
            onPress={[Function]}
            rippleColor={4292467161}
            style={
              Array [
                Object {
                  "overflow": "hidden",
                },
                Array [
                  Object {
                    "alignItems": "flex-start",
                    "backgroundColor": "#FFFFFF",
                    "borderRadius": 10,
                    "flex": 1,
                    "justifyContent": "center",
                    "paddingHorizontal": 5,
                    "paddingVertical": 5,
                  },
                  Object {
                    "alignItems": "center",
                    "backgroundColor": "#FFFFFF",
                    "height": 40,
                  },
                ],
              ]
            }
            underlayColor="#D9D9D9"
          >
            <View
              style={
                Object {
                  "alignItems": "center",
                  "flexDirection": "row",
                  "justifyContent": "center",
                }
              }
            >
              <View
                style={
                  Object {
                    "justifyContent": "center",
                  }
                }
              >
                <Text
                  style={
                    Array [
                      Object {
                        "fontFamily": "Montserrat-SemiBold",
                        "fontSize": 13,
                      },
                      Array [
                        Object {
                          "color": "#000000",
                          "fontSize": 18,
                          "textAlign": "left",
                          "textAlignVertical": "center",
                        },
                        Object {
                          "color": "#248458",
                        },
                      ],
                    ]
                  }
                >
                  Users
                </Text>
              </View>
            </View>
          </RNGestureHandlerButton>
        </View>
        <View
          style={
            Array [
              Object {
                "borderColor": "#D9D9D9",
                "borderRadius": 11,
                "borderWidth": 1,
                "margin": 1,
                "marginBottom": 15,
                "shadowColor": "#000000",
                "shadowOffset": Object {
                  "height": 4,
                  "width": 0,
                },
                "shadowOpacity": 0.25,
                "shadowRadius": 4,
              },
              undefined,
            ]
          }
        >
          <RNGestureHandlerButton
            collapsable={false}
            onGestureEvent={[Function]}
            onGestureHandlerEvent={[Function]}
            onGestureHandlerStateChange={[Function]}
            onHandlerStateChange={[Function]}
            onPress={[Function]}
            rippleColor={4292467161}
            style={
              Array [
                Object {
                  "overflow": "hidden",
                },
                Array [
                  Object {
                    "alignItems": "flex-start",
                    "backgroundColor": "#FFFFFF",
                    "borderRadius": 10,
                    "flex": 1,
                    "justifyContent": "center",
                    "paddingHorizontal": 5,
                    "paddingVertical": 5,
                  },
                  Object {
                    "alignItems": "center",
                    "backgroundColor": "#FFFFFF",
                    "height": 40,
                  },
                ],
              ]
            }
            underlayColor="#D9D9D9"
          >
            <View
              style={
                Object {
                  "alignItems": "center",
                  "flexDirection": "row",
                  "justifyContent": "center",
                }
              }
            >
              <View
                style={
                  Object {
                    "justifyContent": "center",
                  }
                }
              >
                <Text
                  style={
                    Array [
                      Object {
                        "fontFamily": "Montserrat-SemiBold",
                        "fontSize": 13,
                      },
                      Array [
                        Object {
                          "color": "#000000",
                          "fontSize": 18,
                          "textAlign": "left",
                          "textAlignVertical": "center",
                        },
                        Object {
                          "color": "#248458",
                        },
                      ],
                    ]
                  }
                >
                  Reported Posts
                </Text>
              </View>
            </View>
          </RNGestureHandlerButton>
        </View>
      </View>
    </RCTScrollView>
  </ViewManagerAdapter_ExpoLinearGradient>
</View>
`;
