// Jest Snapshot v1, https://goo.gl/fbAQLP

exports[`<HomeScreen/> renders correctly 1`] = `
<View
  style={
    Object {
      "alignItems": "center",
      "backgroundColor": "#FFFFFF",
      "flex": 1,
    }
  }
>
  <View
    style={
      Array [
        Object {
          "flex": 1,
          "overflow": "hidden",
        },
        undefined,
      ]
    }
  >
    <RNCWebView
      cacheEnabled={true}
      injectedJavaScriptBeforeContentLoadedForMainFrameOnly={true}
      injectedJavaScriptForMainFrameOnly={true}
      javaScriptEnabled={true}
      messagingEnabled={false}
      onContentProcessDidTerminate={[Function]}
      onHttpError={[Function]}
      onLoadingError={[Function]}
      onLoadingFinish={[Function]}
      onLoadingProgress={[Function]}
      onLoadingStart={[Function]}
      onMessage={[Function]}
      onNavigationStateChange={[Function]}
      onShouldStartLoadWithRequest={[Function]}
      source={
        Object {
          "uri": "https://tembusu.nus.edu.sg/",
        }
      }
      startInLoadingState={true}
      style={
        Array [
          Object {
            "flex": 1,
            "overflow": "hidden",
          },
          Object {
            "backgroundColor": "#ffffff",
          },
          Object {
            "width": 750,
          },
        ]
      }
      useSharedProcessPool={true}
    />
    <View
      style={
        Object {
          "alignItems": "center",
          "backgroundColor": "white",
          "flex": 1,
          "height": "100%",
          "justifyContent": "center",
          "position": "absolute",
          "width": "100%",
        }
      }
    >
      <ActivityIndicator
        animating={true}
        color="#999999"
        hidesWhenStopped={true}
        size="small"
      />
    </View>
  </View>
  <View
    style={
      Object {
        "flexDirection": "row",
      }
    }
  >
    <View
      style={
        Object {
          "borderRadius": 0,
          "flex": 1,
          "overflow": "hidden",
        }
      }
    >
      <View
        accessibilityRole="button"
        accessibilityState={
          Object {
            "busy": false,
            "disabled": true,
          }
        }
        accessible={true}
        focusable={true}
        onClick={[Function]}
        onResponderGrant={[Function]}
        onResponderMove={[Function]}
        onResponderRelease={[Function]}
        onResponderTerminate={[Function]}
        onResponderTerminationRequest={[Function]}
        onStartShouldSetResponder={[Function]}
        style={
          Object {
            "opacity": 1,
          }
        }
      >
        <View
          style={
            Object {
              "alignItems": "center",
              "backgroundColor": "#F1F1F1",
              "borderColor": "#FFFFFF",
              "borderLeftWidth": 0.5,
              "borderRadius": 0,
              "borderRightWidth": 0.5,
              "borderWidth": 0,
              "flexDirection": "row",
              "justifyContent": "center",
              "padding": 8,
            }
          }
        >
          <Text
            style={
              Object {
                "color": "#D9D9D9",
                "fontFamily": "Montserrat-SemiBold",
                "fontSize": 15,
                "paddingBottom": 1,
                "paddingTop": 2,
                "textAlign": "center",
              }
            }
          >
            Back
          </Text>
        </View>
      </View>
    </View>
    <View
      style={
        Object {
          "borderRadius": 0,
          "flex": 1,
          "overflow": "hidden",
        }
      }
    >
      <View
        accessibilityRole="button"
        accessibilityState={
          Object {
            "busy": false,
            "disabled": false,
          }
        }
        accessible={true}
        focusable={true}
        onClick={[Function]}
        onResponderGrant={[Function]}
        onResponderMove={[Function]}
        onResponderRelease={[Function]}
        onResponderTerminate={[Function]}
        onResponderTerminationRequest={[Function]}
        onStartShouldSetResponder={[Function]}
        style={
          Object {
            "opacity": 1,
          }
        }
      >
        <View
          style={
            Object {
              "alignItems": "center",
              "backgroundColor": "#248458",
              "borderColor": "#FFFFFF",
              "borderLeftWidth": 0.5,
              "borderRadius": 0,
              "borderRightWidth": 0.5,
              "borderWidth": 0,
              "flexDirection": "row",
              "justifyContent": "center",
              "padding": 8,
            }
          }
        >
          <Text
            style={
              Object {
                "color": "#FFFFFF",
                "fontFamily": "Montserrat-SemiBold",
                "fontSize": 15,
                "paddingBottom": 1,
                "paddingTop": 2,
                "textAlign": "center",
              }
            }
          >
            Home
          </Text>
        </View>
      </View>
    </View>
    <View
      style={
        Object {
          "borderRadius": 0,
          "flex": 1,
          "overflow": "hidden",
        }
      }
    >
      <View
        accessibilityRole="button"
        accessibilityState={
          Object {
            "busy": false,
            "disabled": true,
          }
        }
        accessible={true}
        focusable={true}
        onClick={[Function]}
        onResponderGrant={[Function]}
        onResponderMove={[Function]}
        onResponderRelease={[Function]}
        onResponderTerminate={[Function]}
        onResponderTerminationRequest={[Function]}
        onStartShouldSetResponder={[Function]}
        style={
          Object {
            "opacity": 1,
          }
        }
      >
        <View
          style={
            Object {
              "alignItems": "center",
              "backgroundColor": "#F1F1F1",
              "borderColor": "#FFFFFF",
              "borderLeftWidth": 0.5,
              "borderRadius": 0,
              "borderRightWidth": 0.5,
              "borderWidth": 0,
              "flexDirection": "row",
              "justifyContent": "center",
              "padding": 8,
            }
          }
        >
          <Text
            style={
              Object {
                "color": "#D9D9D9",
                "fontFamily": "Montserrat-SemiBold",
                "fontSize": 15,
                "paddingBottom": 1,
                "paddingTop": 2,
                "textAlign": "center",
              }
            }
          >
            Forward
          </Text>
        </View>
      </View>
    </View>
  </View>
</View>
`;
