// Jest Snapshot v1, https://goo.gl/fbAQLP

exports[`<ForgetPassword/> renders correctly 1`] = `
<View
  style={
    Array [
      Object {
        "alignItems": "center",
        "backgroundColor": "#FFFFFF",
        "flex": 1,
      },
      Object {
        "paddingBottom": null,
      },
    ]
  }
>
  <Modal
    animated={true}
    animationType="fade"
    hardwareAccelerated={false}
    onRequestClose={[Function]}
    theme={
      Object {
        "colors": Object {
          "disabled": "hsl(208, 8%, 90%)",
          "divider": "#bcbbc1",
          "error": "#ff190c",
          "grey0": "#393e42",
          "grey1": "#43484d",
          "grey2": "#5e6977",
          "grey3": "#86939e",
          "grey4": "#bdc6cf",
          "grey5": "#e1e8ee",
          "greyOutline": "#bbb",
          "platform": Object {
            "android": Object {
              "error": "#f44336",
              "primary": "#2196f3",
              "secondary": "#9C27B0",
              "success": "#4caf50",
              "warning": "#ffeb3b",
            },
            "ios": Object {
              "error": "#ff3b30",
              "primary": "#007aff",
              "secondary": "#5856d6",
              "success": "#4cd964",
              "warning": "#ffcc00",
            },
          },
          "primary": "#2089dc",
          "searchBg": "#303337",
          "secondary": "#8F0CE8",
          "success": "#52c41a",
          "warning": "#faad14",
        },
      }
    }
    transparent={true}
    visible={false}
  >
    <View
      accessible={true}
      focusable={true}
      onClick={[Function]}
      onResponderGrant={[Function]}
      onResponderMove={[Function]}
      onResponderRelease={[Function]}
      onResponderTerminate={[Function]}
      onResponderTerminationRequest={[Function]}
      onStartShouldSetResponder={[Function]}
      style={
        Object {
          "alignItems": "center",
          "backgroundColor": "rgba(0, 0, 0, .4)",
          "height": "100%",
          "justifyContent": "center",
          "left": 0,
          "position": "absolute",
          "top": 0,
          "width": "100%",
        }
      }
      testID="RNE__Overlay__backdrop"
    />
    <View
      pointerEvents="box-none"
      style={
        Object {
          "alignItems": "center",
          "flex": 1,
          "justifyContent": "center",
        }
      }
    >
      <View
        style={
          Object {
            "backgroundColor": "#FFFFFF",
            "borderRadius": 20,
            "marginHorizontal": 0,
            "padding": 10,
            "paddingHorizontal": 0,
            "paddingVertical": 0,
            "shadowColor": "rgba(0, 0, 0, .3)",
            "shadowOffset": Object {
              "height": 1,
              "width": 0,
            },
            "shadowRadius": 4,
            "width": 375,
          }
        }
      >
        <View
          style={
            Object {
              "alignItems": "center",
              "width": "100%",
            }
          }
        >
          <View>
            <Image
              resizeMode="contain"
              source={1}
              style={
                Object {
                  "alignSelf": "center",
                  "height": 80,
                  "marginTop": 5,
                  "top": 10,
                  "width": 150,
                }
              }
            />
            <View
              style={
                Object {
                  "alignItems": "center",
                  "paddingHorizontal": 30,
                  "paddingVertical": 20,
                }
              }
            >
              <Text
                style={
                  Array [
                    Object {
                      "fontFamily": "Montserrat-SemiBold",
                      "fontSize": 13,
                    },
                    Object {
                      "color": "#333",
                      "fontSize": 18,
                      "fontWeight": "600",
                      "justifyContent": "center",
                      "paddingVertical": 10,
                      "textAlign": "center",
                    },
                  ]
                }
              >
                Email link sent
              </Text>
              <Text
                style={
                  Array [
                    Object {
                      "fontFamily": "Montserrat-SemiBold",
                      "fontSize": 13,
                    },
                    Object {
                      "color": "#666",
                      "fontSize": 15,
                      "textAlign": "center",
                    },
                  ]
                }
              >
                We sent an email to

with a link to get back into your account.
              </Text>
            </View>
          </View>
          <View
            style={
              Object {
                "borderBottomColor": "#F1F1F1",
                "borderWidth": 0.5,
                "width": 375,
              }
            }
          />
          <View
            style={
              Object {
                "borderBottomEndRadius": 20,
                "borderBottomStartRadius": 20,
                "borderRadius": 0,
                "overflow": "hidden",
                "width": 375,
              }
            }
          >
            <View
              accessibilityRole="button"
              accessibilityState={
                Object {
                  "busy": false,
                  "disabled": false,
                }
              }
              accessible={true}
              focusable={true}
              onClick={[Function]}
              onResponderGrant={[Function]}
              onResponderMove={[Function]}
              onResponderRelease={[Function]}
              onResponderTerminate={[Function]}
              onResponderTerminationRequest={[Function]}
              onStartShouldSetResponder={[Function]}
              style={
                Object {
                  "opacity": 1,
                }
              }
            >
              <View
                style={
                  Object {
                    "alignItems": "center",
                    "backgroundColor": "transparent",
                    "borderColor": "#2089dc",
                    "borderRadius": 3,
                    "borderWidth": 0,
                    "flexDirection": "row",
                    "justifyContent": "center",
                    "padding": 8,
                  }
                }
              >
                <Text
                  style={
                    Object {
                      "color": "#222",
                      "fontFamily": "Montserrat-SemiBold",
                      "fontSize": 18,
                      "fontWeight": "600",
                      "paddingBottom": 1,
                      "paddingTop": 2,
                      "textAlign": "center",
                    }
                  }
                >
                  OK
                </Text>
              </View>
            </View>
          </View>
        </View>
      </View>
    </View>
  </Modal>
  <View
    style={
      Array [
        Object {
          "flex": 1,
          "justifyContent": "center",
        },
        Object {
          "marginTop": 0,
        },
      ]
    }
  >
    <View
      style={
        Object {
          "marginHorizontal": 15,
        }
      }
    >
      <Text
        style={
          Array [
            Object {
              "fontFamily": "Montserrat-SemiBold",
              "fontSize": 13,
            },
            Object {
              "color": "#248458",
              "fontSize": 25,
              "marginBottom": 10,
              "textAlign": "center",
            },
          ]
        }
      >
        Trouble with logging in?
      </Text>
      <Text
        style={
          Array [
            Object {
              "fontFamily": "Montserrat-SemiBold",
              "fontSize": 13,
            },
            Object {
              "flexWrap": "wrap",
              "fontSize": 15,
              "textAlign": "center",
            },
          ]
        }
      >
        Enter your email address and we'll send you a link to reset your password
      </Text>
    </View>
    <View
      style={
        Object {
          "marginHorizontal": 40,
          "marginTop": 30,
        }
      }
    >
      <View
        style={
          Array [
            undefined,
            Object {
              "marginTop": 10,
            },
          ]
        }
      >
        <View
          style={
            Array [
              Object {
                "alignItems": "center",
                "backgroundColor": "#FFFFFF",
                "borderRadius": 6,
                "borderWidth": 1,
                "flexDirection": "row",
              },
              undefined,
              Object {
                "borderColor": "#D9D9D9",
              },
            ]
          }
        >
          <TextInput
            allowFontScaling={true}
            autoCapitalize="none"
            keyboardType="email-address"
            leftIconName="ios-mail"
            onBlur={[Function]}
            onChangeText={[Function]}
            onFocus={[Function]}
            placeholder="NUS email address"
            placeholderTextColor="#D9D9D9"
            rejectResponderTermination={true}
            returnKeyType="done"
            style={
              Object {
                "flex": 1,
                "fontFamily": "Montserrat-SemiBold",
                "fontSize": 15,
                "fontWeight": "600",
                "marginLeft": 5,
                "paddingVertical": 5,
                "textAlignVertical": "center",
              }
            }
            textContentType="emailAddress"
            underlineColorAndroid="transparent"
            value=""
          />
        </View>
        <Text
          style={
            Array [
              Object {
                "fontFamily": "Montserrat-SemiBold",
                "fontSize": 13,
              },
              Array [
                Object {
                  "color": "#FF0000",
                  "flexWrap": "wrap",
                  "fontSize": 12,
                  "textAlign": "left",
                },
                undefined,
              ],
            ]
          }
        >
           
        </Text>
      </View>
      <View>
        <RNGestureHandlerButton
          activeOpacity={0.105}
          collapsable={false}
          onActiveStateChange={[Function]}
          onGestureEvent={[Function]}
          onGestureHandlerEvent={[Function]}
          onGestureHandlerStateChange={[Function]}
          onHandlerStateChange={[Function]}
          onPress={[Function]}
          style={
            Array [
              Object {
                "overflow": "hidden",
              },
              Array [
                Object {
                  "borderRadius": 5,
                  "paddingHorizontal": 5,
                  "paddingVertical": 7,
                },
                Object {
                  "backgroundColor": "#248458",
                },
                Object {
                  "marginTop": 10,
                },
              ],
            ]
          }
          underlayColor="black"
        >
          <View
            style={
              Object {
                "backgroundColor": "black",
                "bottom": 0,
                "left": 0,
                "opacity": 0,
                "position": "absolute",
                "right": 0,
                "top": 0,
              }
            }
          />
          <Text
            style={
              Array [
                Object {
                  "fontFamily": "Montserrat-SemiBold",
                  "fontSize": 13,
                },
                Object {
                  "color": "#FFFFFF",
                  "fontSize": 15,
                  "fontWeight": "600",
                  "textAlign": "center",
                },
              ]
            }
          >
             
            Next
             
          </Text>
        </RNGestureHandlerButton>
        <Text
          style={
            Array [
              Object {
                "fontFamily": "Montserrat-SemiBold",
                "fontSize": 13,
              },
              Array [
                Object {
                  "color": "#FF0000",
                  "flexWrap": "wrap",
                  "fontSize": 12,
                  "textAlign": "left",
                },
                Object {
                  "textAlign": "center",
                },
              ],
            ]
          }
        >
          
        </Text>
      </View>
    </View>
  </View>
  <View
    style={
      Object {
        "alignItems": "center",
        "bottom": 0,
        "marginBottom": 56,
        "position": "absolute",
      }
    }
  >
    <Text
      onPress={[Function]}
      style={
        Array [
          Object {
            "fontFamily": "Montserrat-SemiBold",
            "fontSize": 13,
          },
          Object {
            "color": "#248458",
            "fontSize": 15,
            "fontWeight": "600",
          },
        ]
      }
    >
      Back to Login
    </Text>
  </View>
</View>
`;
